// Jest Snapshot v1, https://goo.gl/fbAQLP

exports[`<LocaleSelectorMenuItem /> matches snapshot 1`] = `
<div
  className="menu-link dropdown nav-item"
  onKeyDown={[Function]}
>
  <a
    aria-expanded={false}
    aria-haspopup={true}
    className="dropdown-toggle nav-link"
    href="#"
    id="dropdownLocale"
    onClick={[Function]}
    onKeyDown={[Function]}
    role="button"
  >
    Language: en
  </a>
</div>
`;
